// Jest Snapshot v1, https://goo.gl/fbAQLP

exports[`getStringsFromServer Saga should call the getStringsFailure action if the response errors 1`] = `
Object {
  "@@redux-saga/IO": true,
  "combinator": false,
  "payload": Object {
    "args": Array [],
    "context": null,
    "fn": [Function],
  },
  "type": "CALL",
}
`;

exports[`getStringsFromServer Saga should dispatch the getStringsSuccess action if it recieves the data successfully 1`] = `
Object {
  "@@redux-saga/IO": true,
  "combinator": false,
  "payload": Object {
    "args": Array [],
    "context": null,
    "fn": [Function],
  },
  "type": "CALL",
}
`;
